// Jest Snapshot v1, https://goo.gl/fbAQLP

exports[`Repositories page should match snapshot 1`] = `
<View
  style={
    Array [
      Object {
        "backgroundColor": "#e5e5e5",
        "flexBasis": 0,
        "flexGrow": 1,
        "flexShrink": 1,
        "paddingTop": 8,
      },
    ]
  }
>
  <View
    style={
      Array [
        Object {
          "paddingLeft": 16,
          "paddingRight": 16,
        },
      ]
    }
  >
    <View
      style={
        Array [
          Object {
            "flexDirection": "row",
            "marginBottom": 16,
          },
        ]
      }
    >
      <View
        accessible={true}
        direction="right"
        expanded={true}
        focusable={true}
        onClick={[Function]}
        onResponderGrant={[Function]}
        onResponderMove={[Function]}
        onResponderRelease={[Function]}
        onResponderTerminate={[Function]}
        onResponderTerminationRequest={[Function]}
        onStartShouldSetResponder={[Function]}
        style={
          Array [
            Object {
              "alignItems": "center",
              "backgroundColor": "#fff",
              "borderColor": "#e5e5e5",
              "borderRadius": 4,
              "borderStyle": "solid",
              "borderWidth": 1,
              "flexDirection": "row",
              "flexGrow": 1,
              "height": 40,
              "marginRight": 8,
              "paddingLeft": 16,
              "paddingRight": 16,
            },
          ]
        }
      >
        <Text
          allowFontScaling={false}
          style={
            Array [
              Object {
                "color": "primary",
                "fontSize": 12,
              },
              Array [
                Object {
                  "color": "#7e7e7e",
                  "fontSize": 24,
                },
              ],
              Object {
                "fontFamily": "Material Icons",
                "fontStyle": "normal",
                "fontWeight": "normal",
              },
              Object {},
            ]
          }
        >
          
        </Text>
        <TextInput
          allowFontScaling={true}
          autoCapitalize="none"
          name="name"
          onChangeText={[Function]}
          placeholderTextColor="#7e7e7e"
          rejectResponderTermination={true}
          style={
            Array [
              Object {
                "color": "#000",
                "flexBasis": 0,
                "flexGrow": 1,
                "flexShrink": 1,
                "fontFamily": "Mulish-Regular",
                "fontSize": 16,
                "height": 40,
                "marginLeft": 8,
                "paddingBottom": 0,
                "paddingLeft": 0,
                "paddingRight": 0,
                "paddingTop": 0,
              },
            ]
          }
          underlineColorAndroid="transparent"
          value=""
        />
      </View>
      <View
        accessible={true}
        expanded={false}
        focusable={true}
        onClick={[Function]}
        onResponderGrant={[Function]}
        onResponderMove={[Function]}
        onResponderRelease={[Function]}
        onResponderTerminate={[Function]}
        onResponderTerminationRequest={[Function]}
        onStartShouldSetResponder={[Function]}
        style={
          Array [
            Object {
              "alignItems": "center",
              "backgroundColor": "#fff",
              "borderColor": "#e5e5e5",
              "borderRadius": 4,
              "borderStyle": "solid",
              "borderWidth": 1,
              "flexDirection": "row",
              "height": 40,
              "paddingBottom": 10,
              "paddingLeft": 10,
              "paddingRight": 10,
              "paddingTop": 10,
              "width": 48,
            },
          ]
        }
      >
        <Text
          allowFontScaling={false}
          style={
            Array [
              Object {
                "color": "primary",
                "fontSize": 12,
              },
              Array [
                Object {
                  "color": "#7e7e7e",
                  "fontSize": 24,
                },
              ],
              Object {
                "fontFamily": "Material Icons",
                "fontStyle": "normal",
                "fontWeight": "normal",
              },
              Object {},
            ]
          }
        >
          
        </Text>
        <TextInput
          allowFontScaling={true}
          autoCapitalize="none"
          name="label"
          onChangeText={[Function]}
          placeholderTextColor="#7e7e7e"
          rejectResponderTermination={true}
          style={
            Array [
              Object {
                "color": "#000",
                "flexBasis": 0,
                "flexGrow": 1,
                "flexShrink": 1,
                "fontFamily": "Mulish-Regular",
                "fontSize": 16,
                "height": 40,
                "marginLeft": 8,
                "paddingBottom": 0,
                "paddingLeft": 0,
                "paddingRight": 0,
                "paddingTop": 0,
              },
            ]
          }
          underlineColorAndroid="transparent"
          value=""
        />
      </View>
    </View>
    <View
      style={
        Array [
          Object {
            "flexDirection": "row",
            "flexWrap": "wrap",
          },
        ]
      }
    />
  </View>
  <RCTScrollView
    contentContainerStyle={
      Object {
        "paddingHorizontal": 16,
        "paddingTop": 8,
      }
    }
    data={
      Array [
        Object {
          "description": "🚇 The JavaScript bundler for React Native.",
          "id": 76504246,
          "labels": Array [],
          "language": "JavaScript",
          "login": "marcosabb",
          "name": "metro",
          "stargazers_count": 3956,
          "updated_at": "2021-02-21T11:57:39Z",
        },
        Object {
          "description": "Create guided tours in your apps",
          "id": 41523595,
          "labels": Array [],
          "language": "JavaScript",
          "login": "marcosabb",
          "name": "react-joyride",
          "stargazers_count": 3554,
          "updated_at": "2021-02-21T22:42:34Z",
        },
      ]
    }
    disableVirtualization={false}
    getItem={[Function]}
    getItemCount={[Function]}
    horizontal={false}
    initialNumToRender={10}
    keyExtractor={[Function]}
    maxToRenderPerBatch={10}
    onContentSizeChange={[Function]}
    onEndReachedThreshold={2}
    onLayout={[Function]}
    onMomentumScrollEnd={[Function]}
    onScroll={[Function]}
    onScrollBeginDrag={[Function]}
    onScrollEndDrag={[Function]}
    removeClippedSubviews={false}
    renderItem={[Function]}
    scrollEventThrottle={50}
    stickyHeaderIndices={Array []}
    style={
      Array [
        Object {},
      ]
    }
    updateCellsBatchingPeriod={50}
    viewabilityConfigCallbackPairs={Array []}
    windowSize={21}
  >
    <View>
      <View
        onLayout={[Function]}
        style={null}
      >
        <View
          accessible={true}
          focusable={true}
          onClick={[Function]}
          onResponderGrant={[Function]}
          onResponderMove={[Function]}
          onResponderRelease={[Function]}
          onResponderTerminate={[Function]}
          onResponderTerminationRequest={[Function]}
          onStartShouldSetResponder={[Function]}
          style={
            Object {
              "backgroundColor": "#fff",
              "borderRadius": 8,
              "marginBottom": 8,
              "opacity": 1,
              "paddingBottom": 32,
              "paddingLeft": 24,
              "paddingRight": 24,
              "paddingTop": 32,
            }
          }
          testID="item-container"
        >
          <View
            style={
              Array [
                Object {
                  "flexDirection": "row",
                  "marginBottom": 16,
                },
              ]
            }
          >
            <View
              style={
                Array [
                  Object {
                    "flexBasis": 0,
                    "flexGrow": 1,
                    "flexShrink": 1,
                    "justifyContent": "center",
                  },
                ]
              }
            >
              <View
                style={
                  Array [
                    Object {
                      "flexDirection": "row",
                    },
                  ]
                }
              >
                <Text
                  numberOfLines={1}
                  style={
                    Array [
                      Object {
                        "color": "#000",
                        "fontFamily": "Mulish-Bold",
                        "fontSize": 16,
                        "marginBottom": 10,
                        "marginRight": 10,
                        "maxWidth": "50%",
                      },
                    ]
                  }
                  testID="item-title"
                >
                  metro
                </Text>
                <Text
                  allowFontScaling={false}
                  style={
                    Array [
                      Object {
                        "color": undefined,
                        "fontSize": 12,
                      },
                      Array [
                        Object {
                          "color": "#000",
                          "flexBasis": 0,
                          "flexGrow": 1,
                          "flexShrink": 1,
                          "fontSize": 24,
                        },
                      ],
                      Object {
                        "fontFamily": "Material Icons",
                        "fontStyle": "normal",
                        "fontWeight": "normal",
                      },
                      Object {},
                    ]
                  }
                >
                  
                </Text>
                <View
                  style={
                    Array [
                      Object {
                        "alignItems": "center",
                        "backgroundColor": "rgba(255,199,0,0.16)",
                        "borderRadius": 12,
                        "height": 24,
                        "justifyContent": "center",
                        "width": 24,
                      },
                    ]
                  }
                >
                  <Text
                    allowFontScaling={false}
                    style={
                      Array [
                        Object {
                          "color": undefined,
                          "fontSize": 12,
                        },
                        Array [
                          Object {
                            "color": "#ffc700",
                            "fontSize": 16,
                          },
                        ],
                        Object {
                          "fontFamily": "Material Icons",
                          "fontStyle": "normal",
                          "fontWeight": "normal",
                        },
                        Object {},
                      ]
                    }
                  >
                    
                  </Text>
                </View>
              </View>
              <Text
                numberOfLines={2}
                style={
                  Array [
                    Object {
                      "color": "#000",
                      "fontFamily": "Mulish-Regular",
                      "fontSize": 14,
                    },
                  ]
                }
              >
                🚇 The JavaScript bundler for React Native.
              </Text>
            </View>
          </View>
          <View
            style={
              Array [
                Object {
                  "flexDirection": "row",
                  "flexWrap": "wrap",
                  "marginBottom": 16,
                },
              ]
            }
          >
            <View
              accessible={true}
              focusable={true}
              onClick={[Function]}
              onResponderGrant={[Function]}
              onResponderMove={[Function]}
              onResponderRelease={[Function]}
              onResponderTerminate={[Function]}
              onResponderTerminationRequest={[Function]}
              onStartShouldSetResponder={[Function]}
              style={
                Object {
                  "alignItems": "center",
                  "backgroundColor": "#0017ff",
                  "borderRadius": 8,
                  "height": 16,
                  "justifyContent": "center",
                  "marginTop": 2,
                  "opacity": 1,
                  "width": 16,
                }
              }
            >
              <Text
                allowFontScaling={false}
                style={
                  Array [
                    Object {
                      "color": undefined,
                      "fontSize": 12,
                    },
                    Array [
                      Object {
                        "color": "#fff",
                        "fontSize": 10,
                      },
                    ],
                    Object {
                      "fontFamily": "Material Icons",
                      "fontStyle": "normal",
                      "fontWeight": "normal",
                    },
                    Object {},
                  ]
                }
              >
                
              </Text>
            </View>
          </View>
          <View
            style={
              Array [
                Object {
                  "flexDirection": "row",
                },
              ]
            }
          >
            <View
              style={
                Array [
                  Object {
                    "alignItems": "center",
                    "flexDirection": "row",
                    "marginRight": 16,
                  },
                ]
              }
            >
              <Text
                allowFontScaling={false}
                style={
                  Array [
                    Object {
                      "color": undefined,
                      "fontSize": 12,
                    },
                    Array [
                      Object {
                        "color": "#e5e5e5",
                        "fontSize": 16,
                        "marginRight": 4,
                      },
                    ],
                    Object {
                      "fontFamily": "Material Icons",
                      "fontStyle": "normal",
                      "fontWeight": "normal",
                    },
                    Object {},
                  ]
                }
              >
                
              </Text>
              <Text
                style={
                  Array [
                    Object {
                      "color": "#7e7e7e",
                      "fontFamily": "Mulish-Regular",
                      "fontSize": 12,
                    },
                  ]
                }
              >
                JavaScript
              </Text>
            </View>
            <View
              style={
                Array [
                  Object {
                    "alignItems": "center",
                    "flexDirection": "row",
                    "marginRight": 16,
                  },
                ]
              }
            >
              <Text
                allowFontScaling={false}
                style={
                  Array [
                    Object {
                      "color": undefined,
                      "fontSize": 12,
                    },
                    Array [
                      Object {
                        "color": "#e5e5e5",
                        "fontSize": 16,
                        "marginRight": 4,
                      },
                    ],
                    Object {
                      "fontFamily": "Material Icons",
                      "fontStyle": "normal",
                      "fontWeight": "normal",
                    },
                    Object {},
                  ]
                }
              >
                
              </Text>
              <Text
                style={
                  Array [
                    Object {
                      "color": "#7e7e7e",
                      "fontFamily": "Mulish-Regular",
                      "fontSize": 12,
                    },
                  ]
                }
              >
                3956
              </Text>
            </View>
            <View
              style={
                Array [
                  Object {
                    "alignItems": "center",
                    "flexDirection": "row",
                    "marginRight": 16,
                  },
                ]
              }
            >
              <Text
                allowFontScaling={false}
                style={
                  Array [
                    Object {
                      "color": undefined,
                      "fontSize": 12,
                    },
                    Array [
                      Object {
                        "color": "#e5e5e5",
                        "fontSize": 16,
                        "marginRight": 4,
                      },
                    ],
                    Object {
                      "fontFamily": "Material Icons",
                      "fontStyle": "normal",
                      "fontWeight": "normal",
                    },
                    Object {},
                  ]
                }
              >
                
              </Text>
              <Text
                style={
                  Array [
                    Object {
                      "color": "#7e7e7e",
                      "fontFamily": "Mulish-Regular",
                      "fontSize": 12,
                    },
                  ]
                }
              >
                cerca de 15 horas
              </Text>
            </View>
          </View>
        </View>
      </View>
      <View
        onLayout={[Function]}
        style={null}
      >
        <View
          accessible={true}
          focusable={true}
          onClick={[Function]}
          onResponderGrant={[Function]}
          onResponderMove={[Function]}
          onResponderRelease={[Function]}
          onResponderTerminate={[Function]}
          onResponderTerminationRequest={[Function]}
          onStartShouldSetResponder={[Function]}
          style={
            Object {
              "backgroundColor": "#fff",
              "borderRadius": 8,
              "marginBottom": 8,
              "opacity": 1,
              "paddingBottom": 32,
              "paddingLeft": 24,
              "paddingRight": 24,
              "paddingTop": 32,
            }
          }
          testID="item-container"
        >
          <View
            style={
              Array [
                Object {
                  "flexDirection": "row",
                  "marginBottom": 16,
                },
              ]
            }
          >
            <View
              style={
                Array [
                  Object {
                    "flexBasis": 0,
                    "flexGrow": 1,
                    "flexShrink": 1,
                    "justifyContent": "center",
                  },
                ]
              }
            >
              <View
                style={
                  Array [
                    Object {
                      "flexDirection": "row",
                    },
                  ]
                }
              >
                <Text
                  numberOfLines={1}
                  style={
                    Array [
                      Object {
                        "color": "#000",
                        "fontFamily": "Mulish-Bold",
                        "fontSize": 16,
                        "marginBottom": 10,
                        "marginRight": 10,
                        "maxWidth": "50%",
                      },
                    ]
                  }
                  testID="item-title"
                >
                  react-joyride
                </Text>
                <Text
                  allowFontScaling={false}
                  style={
                    Array [
                      Object {
                        "color": undefined,
                        "fontSize": 12,
                      },
                      Array [
                        Object {
                          "color": "#000",
                          "flexBasis": 0,
                          "flexGrow": 1,
                          "flexShrink": 1,
                          "fontSize": 24,
                        },
                      ],
                      Object {
                        "fontFamily": "Material Icons",
                        "fontStyle": "normal",
                        "fontWeight": "normal",
                      },
                      Object {},
                    ]
                  }
                >
                  
                </Text>
                <View
                  style={
                    Array [
                      Object {
                        "alignItems": "center",
                        "backgroundColor": "rgba(255,199,0,0.16)",
                        "borderRadius": 12,
                        "height": 24,
                        "justifyContent": "center",
                        "width": 24,
                      },
                    ]
                  }
                >
                  <Text
                    allowFontScaling={false}
                    style={
                      Array [
                        Object {
                          "color": undefined,
                          "fontSize": 12,
                        },
                        Array [
                          Object {
                            "color": "#ffc700",
                            "fontSize": 16,
                          },
                        ],
                        Object {
                          "fontFamily": "Material Icons",
                          "fontStyle": "normal",
                          "fontWeight": "normal",
                        },
                        Object {},
                      ]
                    }
                  >
                    
                  </Text>
                </View>
              </View>
              <Text
                numberOfLines={2}
                style={
                  Array [
                    Object {
                      "color": "#000",
                      "fontFamily": "Mulish-Regular",
                      "fontSize": 14,
                    },
                  ]
                }
              >
                Create guided tours in your apps
              </Text>
            </View>
          </View>
          <View
            style={
              Array [
                Object {
                  "flexDirection": "row",
                  "flexWrap": "wrap",
                  "marginBottom": 16,
                },
              ]
            }
          >
            <View
              accessible={true}
              focusable={true}
              onClick={[Function]}
              onResponderGrant={[Function]}
              onResponderMove={[Function]}
              onResponderRelease={[Function]}
              onResponderTerminate={[Function]}
              onResponderTerminationRequest={[Function]}
              onStartShouldSetResponder={[Function]}
              style={
                Object {
                  "alignItems": "center",
                  "backgroundColor": "#0017ff",
                  "borderRadius": 8,
                  "height": 16,
                  "justifyContent": "center",
                  "marginTop": 2,
                  "opacity": 1,
                  "width": 16,
                }
              }
            >
              <Text
                allowFontScaling={false}
                style={
                  Array [
                    Object {
                      "color": undefined,
                      "fontSize": 12,
                    },
                    Array [
                      Object {
                        "color": "#fff",
                        "fontSize": 10,
                      },
                    ],
                    Object {
                      "fontFamily": "Material Icons",
                      "fontStyle": "normal",
                      "fontWeight": "normal",
                    },
                    Object {},
                  ]
                }
              >
                
              </Text>
            </View>
          </View>
          <View
            style={
              Array [
                Object {
                  "flexDirection": "row",
                },
              ]
            }
          >
            <View
              style={
                Array [
                  Object {
                    "alignItems": "center",
                    "flexDirection": "row",
                    "marginRight": 16,
                  },
                ]
              }
            >
              <Text
                allowFontScaling={false}
                style={
                  Array [
                    Object {
                      "color": undefined,
                      "fontSize": 12,
                    },
                    Array [
                      Object {
                        "color": "#e5e5e5",
                        "fontSize": 16,
                        "marginRight": 4,
                      },
                    ],
                    Object {
                      "fontFamily": "Material Icons",
                      "fontStyle": "normal",
                      "fontWeight": "normal",
                    },
                    Object {},
                  ]
                }
              >
                
              </Text>
              <Text
                style={
                  Array [
                    Object {
                      "color": "#7e7e7e",
                      "fontFamily": "Mulish-Regular",
                      "fontSize": 12,
                    },
                  ]
                }
              >
                JavaScript
              </Text>
            </View>
            <View
              style={
                Array [
                  Object {
                    "alignItems": "center",
                    "flexDirection": "row",
                    "marginRight": 16,
                  },
                ]
              }
            >
              <Text
                allowFontScaling={false}
                style={
                  Array [
                    Object {
                      "color": undefined,
                      "fontSize": 12,
                    },
                    Array [
                      Object {
                        "color": "#e5e5e5",
                        "fontSize": 16,
                        "marginRight": 4,
                      },
                    ],
                    Object {
                      "fontFamily": "Material Icons",
                      "fontStyle": "normal",
                      "fontWeight": "normal",
                    },
                    Object {},
                  ]
                }
              >
                
              </Text>
              <Text
                style={
                  Array [
                    Object {
                      "color": "#7e7e7e",
                      "fontFamily": "Mulish-Regular",
                      "fontSize": 12,
                    },
                  ]
                }
              >
                3554
              </Text>
            </View>
            <View
              style={
                Array [
                  Object {
                    "alignItems": "center",
                    "flexDirection": "row",
                    "marginRight": 16,
                  },
                ]
              }
            >
              <Text
                allowFontScaling={false}
                style={
                  Array [
                    Object {
                      "color": undefined,
                      "fontSize": 12,
                    },
                    Array [
                      Object {
                        "color": "#e5e5e5",
                        "fontSize": 16,
                        "marginRight": 4,
                      },
                    ],
                    Object {
                      "fontFamily": "Material Icons",
                      "fontStyle": "normal",
                      "fontWeight": "normal",
                    },
                    Object {},
                  ]
                }
              >
                
              </Text>
              <Text
                style={
                  Array [
                    Object {
                      "color": "#7e7e7e",
                      "fontFamily": "Mulish-Regular",
                      "fontSize": 12,
                    },
                  ]
                }
              >
                cerca de 5 horas
              </Text>
            </View>
          </View>
        </View>
      </View>
    </View>
  </RCTScrollView>
</View>
`;
