// Jest Snapshot v1, https://goo.gl/fbAQLP

exports[`Users page should match snapshot 1`] = `
<View
  style={
    Array [
      Object {
        "backgroundColor": "#e5e5e5",
        "flexBasis": 0,
        "flexGrow": 1,
        "flexShrink": 1,
      },
    ]
  }
>
  <RCTScrollView
    contentContainerStyle={
      Object {
        "paddingHorizontal": 16,
        "paddingTop": 8,
      }
    }
    data={
      Array [
        Object {
          "avatar_url": "https://avatars.githubusercontent.com/u/56012991?v=4",
          "company": "Incentivar.io",
          "id": 56012991,
          "location": "Brasília, Brazil",
          "login": "marcosabb",
          "name": "Marcos Borges",
          "starred": 30,
        },
      ]
    }
    disableVirtualization={false}
    getItem={[Function]}
    getItemCount={[Function]}
    horizontal={false}
    initialNumToRender={10}
    keyExtractor={[Function]}
    maxToRenderPerBatch={10}
    onContentSizeChange={[Function]}
    onEndReachedThreshold={2}
    onLayout={[Function]}
    onMomentumScrollEnd={[Function]}
    onScroll={[Function]}
    onScrollBeginDrag={[Function]}
    onScrollEndDrag={[Function]}
    removeClippedSubviews={false}
    renderItem={[Function]}
    scrollEventThrottle={50}
    stickyHeaderIndices={Array []}
    style={
      Array [
        Object {},
      ]
    }
    updateCellsBatchingPeriod={50}
    viewabilityConfigCallbackPairs={Array []}
    windowSize={21}
  >
    <View>
      <View
        onLayout={[Function]}
        style={null}
      >
        <View
          accessible={true}
          focusable={true}
          onClick={[Function]}
          onResponderGrant={[Function]}
          onResponderMove={[Function]}
          onResponderRelease={[Function]}
          onResponderTerminate={[Function]}
          onResponderTerminationRequest={[Function]}
          onStartShouldSetResponder={[Function]}
          style={
            Object {
              "backgroundColor": "#fff",
              "borderRadius": 8,
              "marginBottom": 8,
              "opacity": 1,
              "paddingBottom": 32,
              "paddingLeft": 24,
              "paddingRight": 24,
              "paddingTop": 32,
            }
          }
          testID="item-container"
        >
          <View
            style={
              Array [
                Object {
                  "flexDirection": "row",
                  "marginBottom": 16,
                },
              ]
            }
          >
            <Image
              source={
                Object {
                  "uri": "https://avatars.githubusercontent.com/u/56012991?v=4",
                }
              }
              style={
                Array [
                  Object {
                    "borderRadius": 32,
                    "height": 64,
                    "marginRight": 16,
                    "width": 64,
                  },
                ]
              }
            />
            <View
              style={
                Array [
                  Object {
                    "flexBasis": 0,
                    "flexGrow": 1,
                    "flexShrink": 1,
                    "justifyContent": "center",
                  },
                ]
              }
            >
              <View
                style={
                  Array [
                    Object {
                      "flexDirection": "row",
                    },
                  ]
                }
              >
                <Text
                  numberOfLines={1}
                  style={
                    Array [
                      Object {
                        "color": "#000",
                        "fontFamily": "Mulish-Bold",
                        "fontSize": 16,
                        "marginBottom": 10,
                        "marginRight": 10,
                        "maxWidth": "50%",
                      },
                    ]
                  }
                  testID="item-title"
                >
                  Marcos Borges
                </Text>
                <Text
                  allowFontScaling={false}
                  style={
                    Array [
                      Object {
                        "color": undefined,
                        "fontSize": 12,
                      },
                      Array [
                        Object {
                          "color": "#000",
                          "flexBasis": 0,
                          "flexGrow": 1,
                          "flexShrink": 1,
                          "fontSize": 24,
                        },
                      ],
                      Object {
                        "fontFamily": "Material Icons",
                        "fontStyle": "normal",
                        "fontWeight": "normal",
                      },
                      Object {},
                    ]
                  }
                >
                  
                </Text>
                <View
                  accessible={true}
                  focusable={true}
                  onClick={[Function]}
                  onResponderGrant={[Function]}
                  onResponderMove={[Function]}
                  onResponderRelease={[Function]}
                  onResponderTerminate={[Function]}
                  onResponderTerminationRequest={[Function]}
                  onStartShouldSetResponder={[Function]}
                  style={
                    Object {
                      "alignItems": "center",
                      "backgroundColor": "#e8e8e8",
                      "borderRadius": 12,
                      "height": 24,
                      "justifyContent": "center",
                      "opacity": 1,
                      "width": 24,
                    }
                  }
                  testID="delete-button"
                >
                  <Text
                    allowFontScaling={false}
                    style={
                      Array [
                        Object {
                          "color": undefined,
                          "fontSize": 12,
                        },
                        Array [
                          Object {
                            "color": "#000",
                            "fontSize": 16,
                          },
                        ],
                        Object {
                          "fontFamily": "Material Icons",
                          "fontStyle": "normal",
                          "fontWeight": "normal",
                        },
                        Object {},
                      ]
                    }
                  >
                    
                  </Text>
                </View>
              </View>
              <Text
                numberOfLines={2}
                style={
                  Array [
                    Object {
                      "color": "#000",
                      "fontFamily": "Mulish-Regular",
                      "fontSize": 14,
                    },
                  ]
                }
              >
                @marcosabb
              </Text>
            </View>
          </View>
          <View
            style={
              Array [
                Object {
                  "flexDirection": "row",
                },
              ]
            }
          >
            <View
              style={
                Array [
                  Object {
                    "alignItems": "center",
                    "flexDirection": "row",
                    "marginRight": 16,
                  },
                ]
              }
            >
              <Text
                allowFontScaling={false}
                style={
                  Array [
                    Object {
                      "color": undefined,
                      "fontSize": 12,
                    },
                    Array [
                      Object {
                        "color": "#e5e5e5",
                        "fontSize": 16,
                        "marginRight": 4,
                      },
                    ],
                    Object {
                      "fontFamily": "Material Icons",
                      "fontStyle": "normal",
                      "fontWeight": "normal",
                    },
                    Object {},
                  ]
                }
              >
                
              </Text>
              <Text
                style={
                  Array [
                    Object {
                      "color": "#7e7e7e",
                      "fontFamily": "Mulish-Regular",
                      "fontSize": 12,
                    },
                  ]
                }
              >
                Incentivar.io
              </Text>
            </View>
            <View
              style={
                Array [
                  Object {
                    "alignItems": "center",
                    "flexDirection": "row",
                    "marginRight": 16,
                  },
                ]
              }
            >
              <Text
                allowFontScaling={false}
                style={
                  Array [
                    Object {
                      "color": undefined,
                      "fontSize": 12,
                    },
                    Array [
                      Object {
                        "color": "#e5e5e5",
                        "fontSize": 16,
                        "marginRight": 4,
                      },
                    ],
                    Object {
                      "fontFamily": "Material Icons",
                      "fontStyle": "normal",
                      "fontWeight": "normal",
                    },
                    Object {},
                  ]
                }
              >
                
              </Text>
              <Text
                style={
                  Array [
                    Object {
                      "color": "#7e7e7e",
                      "fontFamily": "Mulish-Regular",
                      "fontSize": 12,
                    },
                  ]
                }
              >
                Brasília, Brazil
              </Text>
            </View>
          </View>
        </View>
      </View>
    </View>
  </RCTScrollView>
</View>
`;
